// Jest Snapshot v1, https://goo.gl/fbAQLP

exports[`<SearchProduct/> With search product by string query should have the same ui structure 1`] = `
<div
  className="container"
>
  <SearchBar
    initInput="La busqueda"
    key="searchBar_searchProduct"
    onClick={[Function]}
  />
  <div
    className="container mcl-search-product-productList"
  >
    <ProductList
      products={Array []}
    />
  </div>
</div>
`;
